{"headers":{"host":"127.0.0.1:8888","content-type":"application/x-www-form-urlencoded; charset=utf-8","authorization":"Basic c29tZW9uZTpzb213aGVyZQ==","content-length":"46","connection":"keep-alive"},"url":"/nagios/cgi-bin/cmd.cgi"}